[    0.000000] Initializing cgroup subsys cpuset
[    0.000000] Initializing cgroup subsys cpu
[    0.000000] Initializing cgroup subsys cpuacct
[    0.000000] Linux version 4.4.0-87-generic (buildd@lcy01-31) (gcc version 5.4.0 20160609 (Ubuntu 5.4.0-6ubuntu1~16.04.4) ) #110-Ubuntu SMP Tue Jul 18 12:55:35 UTC 2017 (Ubuntu 4.4.0-87.110-generic 4.4.73)
[    0.000000] Command line: BOOT_IMAGE=/boot/vmlinuz-4.4.0-87-generic root=LABEL=cloudimg-rootfs ro console=tty1 console=ttyS0
[    0.000000] KERNEL supported cpus:
[    0.000000]   Intel GenuineIntel
[    0.000000]   AMD AuthenticAMD
[    0.000000]   Centaur CentaurHauls
[    0.000000] ------------[ cut here ]------------
[    0.000000] WARNING: CPU: 0 PID: 0 at /build/linux-5EyXrQ/linux-4.4.0/arch/x86/kernel/fpu/xstate.c:517 fpu__init_system_xstate+0x38b/0x75a()
[    0.000000] XSAVE consistency problem, dumping leaves
[    0.000000] Modules linked in:
[    0.000000] CPU: 0 PID: 0 Comm: swapper Not tainted 4.4.0-87-generic #110-Ubuntu
[    0.000000]  0000000000000086 e5dbe78bf6e3360a ffffffff81e03d80 ffffffff813f9903
[    0.000000]  ffffffff81e03dc8 ffffffff81caa0d0 ffffffff81e03db8 ffffffff81081332
[    0.000000]  ffffffff81e03e48 ffffffff81e03e4c 0000000000000008 0000000000000100
[    0.000000] Call Trace:
[    0.000000]  [<ffffffff813f9903>] dump_stack+0x63/0x90
[    0.000000]  [<ffffffff81081332>] warn_slowpath_common+0x82/0xc0
[    0.000000]  [<ffffffff810813cc>] warn_slowpath_fmt+0x5c/0x80
[    0.000000]  [<ffffffff8107d040>] ? xfeature_size+0x59/0x77
[    0.000000]  [<ffffffff81f6d206>] fpu__init_system_xstate+0x38b/0x75a
[    0.000000]  [<ffffffff81f5d120>] ? early_idt_handler_array+0x120/0x120
[    0.000000]  [<ffffffff81f6cb71>] fpu__init_system+0x10d/0x245
[    0.000000]  [<ffffffff81f6dc7a>] early_cpu_init+0x139/0x13e
[    0.000000]  [<ffffffff81f6dc7a>] ? early_cpu_init+0x139/0x13e
[    0.000000]  [<ffffffff81f69181>] setup_arch+0xb4/0xcf1
[    0.000000]  [<ffffffff81f5d120>] ? early_idt_handler_array+0x120/0x120
[    0.000000]  [<ffffffff81f5dc74>] start_kernel+0xe4/0x4a2
[    0.000000]  [<ffffffff81f5d120>] ? early_idt_handler_array+0x120/0x120
[    0.000000]  [<ffffffff81f5d339>] x86_64_start_reservations+0x2a/0x2c
[    0.000000]  [<ffffffff81f5d485>] x86_64_start_kernel+0x14a/0x16d
[    0.000000] ---[ end trace 4d5ff9f2f68c4233 ]---
[    0.000000] CPUID[0d, 00]: eax=00000007 ebx=00000440 ecx=00000440 edx=00000000
[    0.000000] CPUID[0d, 01]: eax=00000000 ebx=000003c0 ecx=00000000 edx=00000000
[    0.000000] CPUID[0d, 02]: eax=00000100 ebx=00000240 ecx=00000000 edx=00000000
[    0.000000] CPUID[0d, 03]: eax=00000000 ebx=00000000 ecx=00000000 edx=00000000
[    0.000000] CPUID[0d, 04]: eax=00000000 ebx=00000000 ecx=00000000 edx=00000000
[    0.000000] CPUID[0d, 05]: eax=00000000 ebx=00000000 ecx=00000000 edx=00000000
[    0.000000] CPUID[0d, 06]: eax=00000000 e=00000000 ecx=00000000 edx=00000000
[    0.000000] CPUID[0d, 07]: eax=00000000 ebx=00000000 ecx=00000000 edx=00000000
[    0.000000] CPUID[0d, 08]: eax=00000000 ebx=00000000 ecx=00000000 edx=00000000
[    0.000000] CPUID[0d, 09]: eax=00000000 ebx=00000000 ecx=00000000 edx=00000000
[    0.000000] CPUID[0d, 0a]: eax=00000000 ebx=00000000 ecx=00000000 edx=00000000
[    0.000000] CPUID[0d, 0b]: eax=00000000 ebx=00000000 ecx=00000000 edx=00000000
[    0.000000] CPUID[0d, 0c]: eax=00000000 ebx=00000000 ecx=00000000 edx=00000000
[    0.000000] CPUID[0d, 0d]: eax=00000000 ebx=00000000 ecx=00000000 edx=00000000
[    0.000000] CPUID[0d, 0e]: eax=00000000 ebx=00000000 ecx=00000000 edx=00000000
[    0.000000] CPUID[0d, 0f]: eax=00000000 ebx=00000000 ecx=00000000 edx=00000000
[    0.000000] CPUID[0d, 10]: eax=00000000 ebx=00000000 ecx=00000000 edx=00000000
[    0.000000] CPUID[0d, 11]: eax=00000000 ebx=00000000 ecx=00000000 edx=00000000
[    0.000000] x86/fpu: xstate_offset[2]:  576, xstate_sizes[2]:  256
[    0.000000] x86/fpu: Supporting XSAVE feature 0x01: 'x87 floating point registers'
[    0.000000] x86/fpu: Supporting XSAVE feature 0x02: 'SSE registers'
[    0.000000] x86/fpu: Supporting XSAVE feature 0x04: 'AVX registers'
[    0.000000] x86/fpu: Enabled xstate features 0x7, context size is 1088 bytes, using 'standard' format.
[    0.000000] x86/fpu: Using 'lazy' FPU context switches.
[    0.000000] e820: BIOS-provided physical RAM map:
[    0.000000] BIOS-e820: [mem 0x0000000000000000-0x000000000009fbff] usable
[    0.000000] BIOS-e820: [mem 0x000000000009fc00-0x000000000009ffff] reserved
[    0.000000] BIOS-e820: [mem 0x00000000000f0000-0x00000000000fffff] reserved
[    0.000000] BIOS-e820: [mem 0x0000000000100000-0x00000000dffeffff] usable
[    0.000000] BIOS-e820: [mem 0x00000000dfff0000-0x00000000dfffffff] ACPI data
[    0.000000] BIOS-e820: [mem 0x00000000fec00000-0x00000000fec00fff] reserved
[    0.000000] BIOS-e820: [mem 0x00000000fee00000-0x00000000fee00fff] reserved
[    0.000000] BIOS-e820: [mem 0x00000000fffc0000-0x00000000ffffffff] reserved
[    0.000000] BIOS-e820: [mem 0x0000000100000000-0x000000011fffffff] usable
[    0.000000] NX (Execute Disable) protection: active
[    0.000000] SMBIOS 2.5 present.
[    0.000000] Hypervisor detected: KVM
[    0.000000] e820: last_pfn = 0x120000 max_arch_pfn = 0x400000000
[    0.000000] MTRR: Disabled
[    0.000000] x86/PAT: MTRRs disabled, skipping PAT initialization too.
[    0.000000] x86/PAT: Configuration [0-7]: WB  WT  UC- UC  WB  WT  UC- UC  
[    0.000000] CPU MTRRs all blank - virtualized system.
[    0.000000] e820: last_pfn = 0xdfff0 max_arch_pfn = 0x400000000
[    0.000000] found SMP MP-table at [mem 0x0009fff0-0x0009ffff] mapped at [ffff88000009fff0]
[    0.000000] Scanning 1 areas for low memory corruption
[    0.000000] RAMDISK: [mem 0x36ac6000-0x3755afff]
[    0.000000] ACPI: Early table checksum verification disabled
[    0.000000] ACPI: RSDP 0x00000000000E0000 000024 (v02 VBOX  )
[    0.000000] ACPI: XSDT 0x00000000DFFF0030 00003C (v01 VBOX   VBOXXSDT 00000001 ASL  00000061)
[    0.000000] ACPI: FACP 0x00000000DFFF00F0 0000F4 (v04 VBOX   VBOXFACP 00000001 ASL  00000061)
[    0.000000] ACPI: DSDT 0x00000000DFFF0470 0021C8 (v02 VBOX   VBOXBIOS 00000002 INTL 20100528)
[    0.000000] ACPI: FACS 0x00000000DFFF0200 000040
[    0.000000] ACPI: FACS 0x00000000DFFF0200 000040
[    0.000000] ACPI: APIC 0x00000000DFFF0240 00005C (v02 VBOX   VBOXAPIC 00000001 ASL  00000061)
[    0.000000] ACPI: SSDT 0x00000000DFFF02A0 0001CC (v01 VBOX   VBOXCPUT 00000002 INTL 20100528)
[    0.000000] No NUMA configuration found
[    0.000000] Faking a node at [mem 0x0000000000000000-0x000000011fffffff]
[    0.000000] NODE_DATA(0) allocated [mem 0x11fff7000-0x11fffbfff]
[    0.000000] kvm-clock: Using msrs 4b564d01 and 4b564d00
[    0.000000] kvm-clock: cpu 0, msr 1:1ffef001, primary cpu clock
[    0.000000] kvm-clock: using sched offset of 3222237497 cycles
[    0.000000] clocksource: kvm-clock: mask: 0xffffffffffffffff max_cycles: 0x1cd42e4dffb, max_idle_ns: 881590591483 ns
[    0.000000] Zone ranges:
[    0.000000]   DMA      [mem 0x0000000000001000-0x0000000000ffffff]
[    0.000000]   DMA32    [mem 0x0000000001000000-0x00000000ffffffff]
[    0.000000]   Normal   [mem 0x0000000100000000-0x000000011fffffff]
[    0.000000]   Device   empty
[    0.000000] Movable zone start for each node
[    0.000000] Early memory node ranges
[    0.000000]   node   0: [mem 0x0000000000001000-0x000000000009efff]
[    0.000000]   node   0: [mem 0x0000000000100000-0x00000000dffeffff]
[    0.000000]   node   0: [mem 0x0000000100000000-0x000000011fffffff]
[    0.000000] Initmem setup node 0 [mem 0x0000000000001000-0x000000011fffffff]
[    0.000000] ACPI: PM-Timer IO Port: 0x4008
[    0.000000] IOAPIC[0]: apic_id 2, version 32, address 0xfec00000, GSI 0-23
[    0.000000] ACPI: INT_SRC_OVR (bus 0 bus_irq 0 global_irq 2 dfl dfl)
[    0.000000] ACPI: INT_SRC_OVR (bus 0 bus_irq 9 global_irq 9 high level)
[    0.000000] Using ACPI (MADT) for SMP configuration information
[    0.000000] smpboot: Allowing 2 CPUs, 0 hotplug CPUs
[    0.000000] PM: Registered nosave memory: [mem 0x00000000-0x00000fff]
[    0.000000] PM: Registered nosave memory: [mem 0x0009f000-0x0009ffff]
[    0.000000] PM: Registered nosave memory: [mem 0x000a0000-0x000effff]
[    0.000000] PM: Registered nosave memory: [mem 0x000f0000-0x000fffff]
[    0.000000] PM: Registered nosave memory: [mem 0xdfff0000-0xdfffffff]
[    0.000000] PM: Registered nosave memory: [mem 0xe0000000-0xfebfffff]
[    0.000000] PM: Registered nosave memory: [mem 0xfec00000-0xfec00fff]
[    0.000000] PM: Registered nosave memory: [mem 0xfec01000-0xfedfffff]
[    0.000000] PM: Registered nosave memory: [mem 0xfee00000-0xfee00fff]
[    0.000000] PM: Registered nosave memory: [mem 0xfee01000-0xfffbffff]
[    0.000000] PM: Registered nosave memory: [mem 0xfffc0000-0xffffffff]
[    0.000000] e820: [mem 0xe0000000-0xfebfffff] available for PCI devices
[    0.000000] Booting paravirtualized kernel on KVM
[    0.000000] clocksource: refined-jiffies: mask: 0xffffffff max_cycles: 0xffffffff, max_idle_ns: 7645519600211568 ns
[    0.000000] setup_percpu: NR_CPUS:512 nr_cpumask_bits:512 nr_cpu_ids:2 nr_node_ids:1
[    0.000000] PERCPU: Embedded 33 pages/cpu @ffff88011fc00000 s98264 r8192 d28712 u1048576
[    0.000000] PV qspinlock hash table entries: 256 (order: 0, 4096 bytes)
[    0.000000] Built 1 zonelists in Node order, mobility grouping on.  Total pages: 1032057
[    0.000000] Policy zone: Normal
[    0.000000] Kernel command line: BOOT_IMAGE=/boot/vmlinuz-4.4.0-87-generic root=LABEL=cloudimg-rootfs ro console=tty1 console=ttyS0
[    0.000000] PID hash table entries: 4096 (order: 3, 32768 bytes)
[    0.000000] Memory: 4032252K/4193848K available (8474K kernel code, 1293K rwdata, 3984K rodata, 1488K init, 1316K bss, 161596K reserved, 0K cma-reserved)
[    0.000000] SLUB: HWalign=64, Order=0-3, MinObjects=0, CPUs=2, Nodes=1
[    0.000000] Hierarchical RCU implementation.
[    0.000000] 	Build-time adjustment of leaf fanout to 64.
[    0.000000] 	RCU restricting CPUs from NR_CPUS=512 to nr_cpu_ids=2.
[    0.000000] RCU: Adjusting geometry for rcu_fanout_leaf=64, nr_cpu_ids=2
[    0.000000] NR_IRQS:33024 nr_irqs:440 16
[    0.000000] Console: colour VGA+ 80x25
[    0.000000] console [tty1] enabled
[    0.000000] console [ttyS0] enabled
[    0.000000] tsc: Detected 2807.996 MHz processor
[   24.573489] Calibrating delay loop (skipped) preset value.. 5615.99 BogoMIPS (lpj=11231984)
[   24.807080] pid_max: default: 32768 minimum: 301
[   24.922214] ACPI: Core revision 20150930
[   24.969998] ACPI: 2 ACPI AML tables successfully acquired and loaded
[   25.040954] Security Framework initialized
[   25.170144] Yama: becoming mindful.
[   25.271062] AppArmor: AppArmor initialized
[   25.383349] Dentry cache hash table entries: 524288 (order: 10, 4194304 bytes)
[   25.590825] Inode-cache hash table entries: 262144 (order: 9, 2097152 bytes)
[   25.817095] Mount-cache hash table entries: 8192 (order: 4, 65536 bytes)
[   26.041260] Mountpoint-cache hash table entries: 8192 (order: 4, 65536 bytes)
[   26.254499] Initializing cgroup subsys io
[   26.388185] Initializing cgroup subsys memory
[   26.527539] Initializing cgroup subsys devices
[   26.633848] Initializing cgroup subsys freezer
[   26.771755] Initializing cgroup subsys net_cls
[   26.927758] Initializing cgroup subsys perf_event
[   27.083678] Initializing cgroup subsys net_prio
[   27.226542] Initializing cgroup subsys hugetlb
[   27.375897] Initializing cgroup subsys pids
[   27.512832] CPU: Physil Processor ID: 0
[   27.658126] CPU: Processor Core ID: 0
[   27.711733] mce: CPU supports 0 MCE banks
[   27.809121] Last level iTLB entries: 4KB 64, 2MB 8, 4MB 8
[   27.989632] Last level dTLB entries: 4KB 64, 2MB 0, 4MB 0, 1GB 4
[   28.191849] Freeing SMP alternatives memory: 32K (ffffffff820b9000 - ffffffff820c1000)
[   28.449096] ftrace: allocating 32128 entries in 126 pages
[   28.664963] smpboot: APIC(0) Converting physical 0 to logical package 0
[   28.764119] smpboot: Max logical packages: 1
[   28.804551] x2apic enabled
[   28.887831] Switched APIC routing to physical x2apic.
[   29.038744] ..TIMER: vector=0x30 apic1=0 pin1=2 apic2=-1 pin2=-1
[   29.357846] smpboot: CPU0: Intel(R) Core(TM) i7-7700HQ CPU @ 2.80GHz (family: 0x6, model: 0x9e, stepping: 0x9)
[   29.678055] Performance Events: unsupported p6 CPU model 158 no PMU driver, software events only.
[   29.942970] KVM setup paravirtual spinlock
[   30.090911] x86: Booting SMP configuration:
[   30.129343] .... node  #0, CPUs:      #1
[   30.131674] kvm-clock: cpu 1, msr 1:1ffef041, secondary cpu clock
[   30.319562] mce: CPU supports 0 MCE banks
[   30.440812] x86: Booted up 1 node, 2 CPUs
[   30.572540] smpboot: Total of 2 processors activated (11231.98 BogoMIPS)
[   30.783376] devtmpfs: initialized
[   30.877236] evm: security.selinux
[   30.921472] evm: security.SMACK64
[   30.922272] evm: security.SMACK64EXEC
[   30.929181] evm: security.SMACK64TRANSMUTE
[   30.931367] evm: security.SMACK64MMAP
[   30.932149] evm: security.ima
[   30.969395] evm: security.capability
[   30.970385] clocksource: jiffies: mask: 0xffffffff max_cycles: 0xffffffff, max_idle_ns: 7645041785100000 ns
[   31.284098] futex hash table entries: 512 (order: 3, 32768 bytes)
[   31.488445] pinctrl core: initialized pinctrl subsystem
[   31.663899] RTC time:  5:39:20, date: 08/12/17
[   31.813832] NET: Registered protocol family 16
[   31.956462] cpuidle: using governor ladder
[   32.097900] cpuidle: using governor menu
[   32.243266] PCCT header not found.
[   32.351952] ACPI: bus type PCI registered
[   32.477989] acpiphp: ACPI Hot Plug PCI Controller Driver version: 0.5
[   32.689949] PCI: Using configuration type 1 for base access
[   32.887579] ACPI: Added _OSI(Module Device)
[   33.01372] ACPI: Added _OSI(Processor Device)
[   33.173552] ACPI: Added _OSI(3.0 _SCP Extensions)
[   33.331451] ACPI: Added _OSI(Processor Aggregator Device)
[   33.513151] ACPI: Executed 1 blocks of module-level executable AML code
[   33.726065] ACPI: Interpreter enabled
[   33.846841] ACPI: (supports S0 S5)
[   33.961150] ACPI: Using IOAPIC for interrupt routing
[   34.062681] PCI: Using host bridge windows from ACPI; if necessary, use "pci=nocrs" and report a bug
[   34.150195] ACPI: PCI Root Bridge [PCI0] (domain 0000 [bus 00-ff])
[   34.344953] acpi PP0A03:00: _OSC: OS supports [ASPM ClockPM Segments MSI]
[   34.583757] acpi PNP0A03:00: _OSC failed (AE_NOT_FOUND); disabling ASPM
[   34.798936] acpi PNP0A03:00: fail to add MMCONFIG information, can't access extended PCI configuration space under this bridge.
[   35.138072] PCI host bridge to bus 0000:00
[   35.241657] pci_bus 0000:00: root bus resource [io  0x0000-0x0cf7 window]
[   35.464783] pci_bus 0000:00: root bus resource [io  0x0d00-0xffff window]
[   35.688561] pci_bus 0000:00: root bus resource [mem 0x000a0000-0x000bffff window]
[   35.948433] pci_bus 0000:00: root bus resource [mem 0xe0000000-0xffdfffff window]
[   36.182764] pci_bus 0000:00: root bus resource [bus 00-ff]
[   36.208784] pci 0000:00:01.1: legacy IDE quirk: reg 0x10: [io  0x01f0-0x01f7]
[   36.436113] pci 0000:00:01.1: legacy IDE quirk: reg 0x14: [io  0x03f6]
[   36.658139] pci 0000:00:01.1: legacy IDE quirk: reg 0x18: [io  0x0170-0x0177]
[   36.890804] pci 0000:00:01.1: legacy IDE quirk: reg 0x1c: [io  0x0376]
[   37.130809] pci 0000:00:07.0: quirk: [io  0x4000-0x403f] claimed by PIIX4 ACPI
[   37.386529] pci 0000:00:07.0: quirk: [io  0x4100-0x410f] claimed by PIIX4 SMB
[   37.643739] ACPI: PCI Interrupt Link [LNKA] (IRQs 5 9 10 *11)
[   37.827105] ACPI: PCI Interrupt Link [LNKB] (IRQs 5 9 10 *11)
[   37.999738] ACPI: PCI Interrupt Link [LNKC] (IRQs 5 9 *10 11)
[   38.169327] ACPI: PCI Interrupt Link [LNKD] (IRQs 5 *9 10 11)
[   38.329687] ACPI: Enabled 2 GPEs in block 00 to 07
[   38.452236 vgaarb: setting as boot device: PCI:0000:00:02.0
[   38.669250] vgaarb: device added: PCI:0000:00:02.0,decodes=io+mem,owns=io+mem,locks=none
[   38.953186] vgaarb: loaded
[   39.034217] vgaarb: bridge control possible 0000:00:02.0
[   39.210517] SCSI subsystem initialized
[   39.329254] ACPI: bus type USB registered
[   39.444032] usbcore: registered new interface driver usbfs
[   39.620452] usbcore: registered new interface driver hub
[   39.796975] usbcore registered new device driver usb
[   39.979675] PCI: Using ACPI for IRQ routing
[   40.119485] NetLabel: Initializing
[   40.229493] NetLabel:  domain hash size = 128
[   40.359414] NetLabel:  protocols = UNLABELED CIPSOv4
[   40.488748] NetLabel:  unlabeled traffic allowed by default
[   40.665490] amd_nb: Cannot enumerate AMD northbridges
[   40.834743] clocksource: Switched to clocksource kvm-clock
[   41.029690] AppArmor: AppArmor Filesystem Enabled
[   41.188269] pnp: PnP ACPI init
[   41.308661] pnp: PnP ACPI: found 3 devices
[   41.455014] clocksource: acpi_pm: mask: 0xffffff max_cycles: 0xffffff, max_idle_ns: 2085701024 ns
[   41.494426] NET: Registered protocol family 2
[   41.495435] TCP established hash table entries: 32768 (order: 6, 262144 bytes)
[   41.499458] TCP bind hash table entries: 32768 (order: 7, 524288 bytes)
[   41.596631] TCP: Hash tables configured (established 32768 bind 32768)
[   41.811972] UDP hash table entries: 2048 (order: 4, 65536 bytes)
[   42.008932] UDP-Lite hash table entries: 2048 (order: 4, 65536 bytes)
[   42.229177] NET: Registered protocol family 1
[   42.375437] pci 0000:00:00.0: Limiting direct PCI/PCI transfers
[   42.561102] pci 0000:00:01.0: Activating ISA DMA hang workarounds
[   42.616527] Unpacking initramfs...
[   44.110130] Freeing initrd memory: 10836K (ffff880036ac6000 - ffff88003755b000)
[   44.353400] PCI-DMA: Using software bounce buffering for IO (SWIOTLB)
[   44.566673] software IO TLB [mem 0xdbff0000-0xdfff0000] (64MB) mapped at [ffff8800dbff0000-ffff8800dffeffff]
[   44.751821] platform rtc_cmos: registered platform RTC device (no PNP device found)
[   44.939496] Scanning for low memory corruption every 60 seconds
[   45.138987] audit: initializing netlink subsys (disabled)
[   45.323308] audit: type=2000 audit(1502516339.700:1): initialized
[   45.522030] Initialise system trusted keyring
[   45.664058] HugeTLB registered 2 MB page size, pre-allocated 0 pages
[   45.798823] tsc: Refined TSC clocksource calibration: 2808.000 MHz
[   45.800031] clocksource: tsc: mask: 0xffffffffffffffff max_cycles: 0x2879c5f06f2, max_idle_ns: 440795220049 ns
[   45.812352] zbud: loaded
[   45.887938] VFS: Disk quotas dquot_6.6.0
[   46.019746] VFS: Dquot-cache hash table entries: 512 (order 0, 4096 bytes)
[   46.247342] squashfs: version 4.0 (2009/01/31) Phillip Lougher
[   46.449314] fuse init (API version 7.23)
[   46.469908] Key type big_key registered
[   46.473671] Allocating IMA MOK and blacklist keyrings.
[   46.487699] Key type asymmetric registered
[   46.494236] Asymmetric key parser 'x509' registered
[   46.501357] Block layer SCSI generic (bsg) driver version 0.4 loaded (major 249)
[   46.566002] io scheduler noop registered
[   46.614571] io scheduler deadline registered (default)
[   46.645822] io scheduler cfq registered
[   46.657380] pci_hotplug: PCI Hot Plug PCI Core version: 0.5
[   46.659193] pciehp: PCI Express Hot Plug Controller Driver version: 0.4
[   46.675586] ACPI: AC Adapter [AC] (off-line)
[   46.716832] input: Power Button as /devices/LNXSYSTM:00/LNXPWRBN:00/input/input0
[   46.852432] ACPI: Power Button [PWRF]
[   46.882503] input: Sleep Button as /devices/LNXSYSTM:00/LNXSLPBN:00/input/input1
[   46.962883] ACPI: Sleep Button [SLPF]
[   47.060640] GHES: HEST is not enabled!
[   47.061265] ACPI: Battery Slot [BAT0] (battery present)
[   47.297260] Serial: 8250/16550 driver, 32 ports, IRQ sharing enabled
[   47.448342] 00:02: ttyS0 at I/O 0x3f8 (irq = 4, base_baud = 115200) is a 16550A
[   47.471999] Linux agpgart interface v0.103
[   47.538522] loop: module loaded
[   47.546266] scsi host0: ata_piix
[   47.563237] scsi host1: ata_piix
[   47.618341] ata1: PATA max UDMA/33 cmd 0x1f0 ctl 0x3f6 bmdma 0xd000 irq 14
[   47.679142] ata2: PATA max UDMA/33 cmd 0x170 ctl 0x376 bmdma 0xd008 irq 15
[   47.703631] libphy: Fixed MDIO Bus: probed
[   47.797907] tun: Universal TUN/TAP device driver, 1.6
[   47.827295] tun: (C) 1999-2004 Max Krasnyansky <maxk@qualcomm.com>
[   47.841240] PPP generic driver version 2.4.2
[   47.848223] ehci_hcd: USB 2.0 'Enhanced' Host Controller (EHCI) Driver
[   47.867547] ehci-pci: EHCI PCI platform driver
[   47.895664] ehci-platform: EHCI generic platform driver
[   47.907729] ohci_hcd: USB 1.1 'Open' Host Controller (OHCI) Driver
[   47.917028] ohci-pci: OHCI PCI platform driver
[   47.919445] ohci-platform: OHCI generic platform driver
[   47.937193] uhci_hcd: USB Universal Host Controller Interface driver
[   48.038289] i8042: PNP: PS/2 Controller [PNP0303:PS2K,PNP0f03:PS2M] at 0x60,0x64 irq 1,12
[   48.071339] serio: i8042 KBD port at 0x60,0x64 irq 1
[   48.115802] serio: i8042 AUX port at 0x60,0x64 irq 12
[   48.254609] mousedev: PS/2 mouse device common for all mice
[   48.387610] rtc_cmos rtc_cmos: rtc core: registered rtc_cmos as rtc0
[   48.421737] rtc_cmos rtc_cmos: alarms up to one day, 114 bytes nvram
[   48.441142] input: AT Translated Set 2 keyboard as /devices/platform/i8042/serio0/input/input2
[   48.488988] i2c /dev entries driver
[   48.528118] device-mapper: uevent: version 1.0.3
[   48.678851] device-mapper: ioctl: 4.34.0-ioctl (2015-10-28) initialised: dm-devel@redhat.com
[   48.879815] ledtrig-cpu: registered to indicate activity on CPUs
[   49.022283] NET: Registered protocol family 10
[   49.036533] NET: Registered protocol family 17
[   49.099092] Key type dns_resolver registered
[   49.148153] microcode: CPU0 sig=0x906e9, pf=0x8, revision=0x0
[   49.236604] microcode: CPU1 sig=0x906e9, pf=0x8, revision=0x0
[   49.243313] microcode: Microcode Update Driver: v2.01 <tigran@aivazian.fsnet.co.uk>, Peter Oruba
[   49.400523] registered taskstats version 1
[   49.401469] Loading compiled-in X.509 certificates
[   49.404518] Loaded X.509 cert 'Build time autogenerated kernel key: 713bc24ccc5bf0d11d706d6f5bf7187ed23f7b25'
[   49.558257] zswap: loaded using pool lzo/zbud
[   49.596174] Key type trusted registered
[   49.658205] Key type encrypted registered
[   49.719658] AppArmor: AppArmor sha1 policy hashing enabled
[   49.776987] ima: No TPM chip found, activating TPM-bypass!
[   49.917047] evm: HMAC attrs: 0x1
[   49.918472]   Magic number: 13:573:668
[   50.001079] rtc_cmos rtc_cmos: setting system clock to 2017-08-12 05:39:39 UTC (1502516379)
[   50.115860] BIOS EDD facility v0.16 2004-Jun-25, 0 devices found
[   50.133651] EDD information not available.
[   50.136700] Freeing unused kernel memory: 1488K (ffffffff81f45000 - ffffffff820b9000)
[   50.381998] Write protecting the kernel read-only data: 14336k
[   50.559948] Freeing unused kernel memory: 1756K (ffff880001849000 - ffff880001a00000)
[   50.762648] Freeing unused kernel memory: 112K (ffff880001de4000 - ffff880001e00000)
Loading, please wait...
starting version[   50.781738] random: systemd-udevd: uninitialized urandom read (16 bytes read, 7 bits of entropy available)
 229
[   50.782040] random: udevadm: uninitialized urandom read (16 bytes read, 7 bits of entropy available)
[   50.782065] random: udevadm: uninitialized urandom read (16 bytes read, 7 bits of entropy available)
[   50.783389] random: udevadm: uninitialized urandom read (16 bytes read, 7 bits of entropy available)
[   50.783455] random: udevadm: uninitialized urandom read (16 bytes read, 7 bits of entropy available)
[   50.783497] random: udevadm: uninitialized urandom read (16 bytes read, 7 bits of entropy available)
[   50.783527] random: udevadm: uninitialized urandom read (16 bytes read, 7 bits of entropy available)
[   50.783553] random: udevadm: uninitialized urandom read (16 bytes read, 7 bits of entropy available)
[   50.783578] random: udevadm: uninitialized urandom read (16 bytes read, 7 bits of entropy available)
[   50.783603] random: udevadm: uninitialized urandom read (16 bytes read, 7 bits of entropy available)
[   53.227595] e1000: Intel(R) PRO/1000 Network Driver - version 7.3.21-k8-NAPI
[   53.314886] e1000: Copyright (c) 1999-2006 Intel Corporation.
[   53.405781] Fusion MPT base driver 3.04.20
[   53.512355] Copyright (c) 1999-2008 LSI Corporation
[   53.612527] Fusion MPT SPI Host driver 3.04.20
[   53.739510] input: ImExPS/2 Generic Explorer Mouse as /devices/platform/i8042/serio1/input/input4
[   53.830044] AVX version of gcm_enc/dec engaged.
[   53.885258] AES CTR mode by8 optimization enabled
[   54.134642] e1000 0000:00:03.0 eth0: (PCI:33MHz:32-bit) 02:0a:02:a5:4f:74
[   54.265063] e1000 0000:00:03.0 eth0: Intel(R) PRO/1000 Network Connection
[   54.670696] e1000 0000:00:08.0 eth1: (PCI:33MHz:32-bit) 08:00:27:45:e5:ba
[   54.822827] e1000 0000:00:08.0 eth1: Intel(R) PRO/1000 Network Connection
[   54.854398] e1000 0000:00:08.0 enp0s8: renamed from eth1
[   54.885901] mptbase: ioc0: Initiating bringup
[   54.919096] e1000 0000:00:03.0 enp0s3: renamed from eth0
[   55.122983] ioc0: LSI53C1030 A0: Capabilities={Initiator}
[   55.451160] scsi host2: ioc0: LSI53C1030 A0, FwRev=00000000h, Ports=1, MaxQ=256, IRQ=20
[   55.827487] scsi 2:0:0:0: Direct-Access     VBOX     HARDDISK         1.0  PQ: 0 ANSI: 5
[   56.080651] scsi target2:0:0: Beginning Domain Validation
[   56.255381] scsi target2:0:0: Domain Validation skipping write tests
[   56.453157] scsi target2:0:0: Ending Domain Validation
[   56.573773] scsi target2:0:0: asynchronous
[   56.702762] scsi 2:0:1:0: Direct-Access     VBOX     HARDDISK         1.0  PQ: 0 ANSI: 5
[   56.949335] scsi target2:0:1: Beginning Domain Validation
[   57.124563] floppy0: no floppy controllers found
[   57.279314] scsi target2:0:1: Domain Validation skipping write tests
[   57.478682] scsi target2:0:1: Ending Domain Validation
[   57.575478] scsi target2:0:1: asynchronous
[   57.631420] sd 2:0:0:0: [sda] 20971520 512-byte logical blocks: (10.7 GB/10.0 GiB)
[   57.631478] sd 2:0:0:0: Attached scsi generic sg0 type 0
[   57.631929] sd 2:0:1:0: [sdb] 20480 512-byte logical blocks: (10.5 MB/10.0 MiB)
[   57.632081] sd 2:0:1:0: [sdb] Write Protect is off
[   57.632209] sd 2:0:1:0: [sdb] Incomplete mode parameter data
[   57.632210] sd 2:0:1:0: [sdb] Assuming drive cache: write through
[   57.632224] sd 2:0:1:0: Attached scsi generic sg1 type 0
[   57.634591] sd 2:0:1:0: [sdb] Attached SCSI disk
[   58.114106] sd 2:0:0:0: [sda] Write Protect is off
[   58.183712] sd 2:0:0:0: [sda] Incomplete mode parameter data
[   58.339186] sd 2:0:0:0: [sda] Assuming drive cache: write through
[   58.539444]  sda: sda1
[   58.580584] sd 2:0:0:0: [sda] Attached SCSI disk
Begin: Loading e[   60.081002] md: linear personality registered for level -1
ssential drivers[   60.259216] md: multipath personality registered for level -4
 ... [   60.461542] md: raid0 personality registered for level 0
[   60.622679] md: raid1 personality registered for level 1
[   60.795242] raid6: sse2x1   gen()  8790 MB/s
[   60.994766] raid6: sse2x1   xor()  5923 MB/s
[   61.198837] raid6: sse2x2   gen() 11408 MB/s
[   61.390944] raid6: sse2x2   xor()  7736 MB/s
[   61.587011] raid6: sse2x4   gen() 13031 MB/s
[   61.787132] raid6: sse2x4   xor()  8418 MB/s
[   61.887856] raid6: using algorithm sse2x4 gen() 13031 MB/s
[   62.063318] raid6: .... xor() 8418 MB/s, rmw enabled
[   62.088432] raid6: using ssse3x2 recovery algorithm
[   62.229135] xor: automatically using best checksumming function:
[   62.422823]    avx       : 21119.000 MB/sec
[   62.562064] async_tx: api initialized (async)
[   62.682060] md: raid6 personality registered for level 6
[   62.849376] md: raid5 personality registered for level 5
[   62.918125] md: raid4 personality registered for level 4
[   63.088678] md: raid10 personality registered for level 10
done.
Begin: Running /scripts/i[   63.277251] Btrfs loaded
nit-premount ... done.
Begin: Mounting root file system ... Beg[   63.432194] EXT4-fs (sda1): mounted filesystem with ordered data mode. Opts: (null)
in: Running /scripts/local-top ... done.
Begin: Running /scripts/local-premount ... Scanning for Btrfs filesystems
done.
Warning: fsck not present, so skipping root file system
done.
Begin: Running /scripts/local-bottom ... done.
Begin: Running /scripts/init-bottom ... done.
[   64.040686] systemd[1]: systemd 229 running in system mode. (+PAM +AUDIT +SELINUX +IMA +APPARMOR +SMACK +SYSVINIT +UTMP +LIBCRYPTSETUP +GCRYPT +GNUTLS +ACL +XZ -LZ4 +SECCOMP +BLKID +ELFUTILS +KMOD -IDN)
[   64.512192] systemd[1]: Detected virtualization oracle.
[   64.682596] systemd[1]: Detected architecture x86-64.

Welcome to [1mUbuntu 16.04.2 LTS[0m!

[   64.936585] systemd[1]: Set hostname to <svslocal>.
[   65.134189] random: nonblocking pool is initialized
[   65.411114] systemd[1]: Listening on Journal Socket (/dev/log).
[[0;32m  OK  [0m] Listening on Journal Socket (/dev/log).
[   65.654950] systemd[1]: Listening on LVM2 poll daemon socket.
[[0;32m  OK  [0m] Listening on LVM2 poll daemon socket.
[   65.927147] systemd[1]: Listening on Journal Socket.
[[0;32m  OK  [0m] Listening on Journal Socket.
[   66.138635] systemd[1]: Listening on udev Kernel Socket.
[[0;32m  OK  [0m] Listening on udev Kernel Socket.
[   66.239492] systemd[1]: Listening on Journal Audit Socket.
[[0;32m  OK  [0m] Listening on Journal Audit Socket.
[   66.535600] systemd[1]: Started Trigger resolvconf update for networkd DNS.
[[0;32m  OK  [0m] Started Trigger resolvconf update for networkd DNS.
[   66.858896] systemd[1]: Reached target Swap.
[[0;32m  OK  [0m] Reached target Swap.
[   67.067435] systemd[1]: Started Forward Password Requests to Wall Directory Watch.
[[0;32m  OK  [0m] Started Forward Password Requests to Wall Directory Watch.
[   67.291694] systemd[1]: Created slice System Slice.
[[0;32m  OK  [0m] Created slice System Slice.
[   67.526867] systemd[1]: Starting Remount Root and Kernel File Systems...
[   67.536063] EXT4-fs (sda1): re-mounted. Opts: (null)
         Starting Remount Root and Kernel File Systems...
[   67.910896] systemd[1]: Starting Load Kernel Modules...
[   68.045612] Loading iSCSI transport class v2.0-870.
         Startin[   68.209202] iscsi: registered transport (tcp)
g Load Kernel Modules...
[   68.322363] iscsi: registered transport (iser)
[   68.486935] systemd[1]: Mounting Debug File System...
         Mounting Debug File System...
[   68.671039] systemd[1]: Starting Set console keymap...
         Starting Set console keymap...
[   68.867730] systemd[1]: Starting Create list of required static device nodes for the current kernel...
         Starting Create list of required st... nodes for the current kernel...
[   69.275082] systemd[1]: Reached target Encrypted Volumes.
[[0;32m  OK  [0m] Reached target Encrypted Volumes.
[   69.411002] systemd[1]: Starting Nameserver information manager...
         Starting Nameserver information manager...
[   69.507786] systemd[1]: Created slice User and Session Slice.
[[0;32m  OK  [0m] Created slice User and Session Slice.
[   69.775007] systemd[1]: Listening on /dev/initctl Compatibility Named Pipe.
[[0;32m  OK  [0m] Listening on /dev/initctl Compatibility Named Pipe.
[   70.094908] systemd[1]: Reached target User and Group Name Lookups.
[[0;32m  OK  [0m] Reached target User and Group Name Lookups.
[   70.379061] systemd[1]: Reached target Slices.
[[0;32m  OK  [0m] Reached target Slices.
[   70.439298] systemd[1]: Listening on LVM2 metadata daemon socket.
[[0;32m  OK  [0m] Listening on LVM2 metadata daemon socket.
[   70.698811] systemd[1]: Mounting POSIX Message Queue File System...
         Mounting POSIX Message Queue File System...
[   70.955081] systemd[1]: Listening on udev Control Socket.
[[0;32m  OK  [0m] Listening on udev Control Socket.
[   71.207299] systemd[1]: Listening on Syslog Socket.
[[0;32m  OK  [0m] Listening on Syslog Socket.
[   71.417331] systemd[1]: Set up automount Arbitrary Executable File Formats File System Automount Point.
[[0;32m  OK  [0m] Set up automount Arbitrary Executab...ats File System Automount Point.
[   71.763223] systemd[1]: Starting Uncomplicated firewall...
         Starting Uncomplicated firewall...
[   71.994941] systemd[1]: Starting Journal Service...
         Starting Journal Service...
[   72.187074] systemd[1]: Created slice system-serial\x2dgetty.slice.
[[0;32m  OK  [0m] Created slice system-serial\x2dgetty.slice.
[   72.464075] systemd[1]: Listening on Device-mapper event daemon FIFOs.
[[0;32m  OK  [0m] Listening on Device-mapper event daemon FIFOs.
[   72.671044] systemd[1]: Starting Monitoring of LVM2 mirrors, snapshots etc. using dmeventd or progress polling...
         Starting Monitoring of LVM2 mirrors... dmeventd or progress polling...
[   73.099320] systemd[1]: Mounting Huge Pages File System...
         Mounting Huge Pages File System...
[   73.331919] systemd[1]: Mounted Huge Pages File System.
[[0;32m  OK  [0m] Mounted Huge Pages File System.
[   73.563115] systemd[1]: Mounted POSIX Message Queue File System.
[[0;32m  OK  [0m] Mounted POSIX Message Queue File System.
[   73.728509] systemd[1]: Mounted Debug File System.
[[0;32m  OK  [0m] Mounted Debug File System.
[   73.959479] systemd[1]: Started Journal Service.
[[0;32m  OK  [0m] Started Journal Service.
[[0;32m  OK  [0m] Started Remount Root and Kernel File Systems.
[[0;32m  OK  [0m] Started Load Kernel Modules.
[[0;32m  OK  [0m] Started Set console keymap.
[[0;32m  OK  [0m] Started Create list of required sta...ce nodes for the current kernel.
[[0;32m  OK  [0m] Started Uncomplicated firewall.
[[0;32m  OK  [0m] Started Nameserver information manager.
[[0;32m  OK  [0m] Started LVM2 metadata daemon.
         Starting Create Static Device Nodes in /dev...
         Starting Apply Kernel Variables...
         Mounting FUSE Control File System...
         Starting Load/Save Random Seed...
         Starting Initial cloud-init job (pre-networking)...
         Starting udev Coldplug all Devices...
         Starting Flush Journal to Persistent Storage...
[[0;32m  OK  [0m] Mounted FUSE Control File System.
[[0;32m  OK  [0m] Started Monitoring of LVM2 mirrors,...ng dmeventd or progress polling.
[[0;32m  OK  [0m] Started Create Static Device Nodes in /dev.
[[0;32m  OK  [0m] Started Apply Kernel Variables.
[[0;32m  OK  [0m] Started Load/Save Random Seed.
         Starting udev Kernel Device Manager...
[[0;32m  OK  [0m] Started udev Kernel Device Manager.
[[0;32m  OK  [0m] Started Flush Journal to Persistent Storage.
[[0;32m  OK  [0m] Started udev Coldplug all Devices.
[[0;32m  OK  [0m] Found device /dev/ttyS0.
[[0;32m  OK  [0m] Listening on Load/Save RF Kill Switch Status /dev/rfkill Watch.
[   36.432863] cloud-init[447]: Cloud-init v. 0.7.9 running 'init-local' at Sat, 12 Aug 2017 05:40:05 +0000. Up 36.24 seconds.
[[0;32m  OK  [0m] Reached target Local File Systems (Pre).
[[0;32m  OK  [0m] Reached target Local File Systems.
         Starting LSB: AppArmor initialization...
         Starting Set console font and keymap...
         Starting Create Volatile Files and Directories...
         Starting Tell Plymouth To Write Out Runtime Data...
[[0;32m  OK  [0m] Started Dispatch Password Requests to Console Directory Watch.
[[0;32m  OK  [0m] Started Set console font and keymap.
[[0;32m  OK  [0m] Started Create Volatile Files and Directories.
[[0;32m  OK  [0m] Started Tell Plymouth To Write Out Runtime Data.
[[0;32m  OK  [0m] Started Initial cloud-init job (pre-networking).
[[0;32m  OK  [0m] Found device 82540EM Gigabit Ethern...r (PRO/1000 MT Desktop Adapter).
[[0;32m  OK  [0m] Found device 82540EM Gigabit Ethern...r (PRO/1000 MT Desktop Adapter).
[[0;32m  OK  [0m] Reached target Network (Pre).
         Starting Update UTMP about System Boot/Shutdown...
[[0;32m  OK  [0m] Reached target System Time Synchronized.
[[0;32m  OK  [0m] Created slice system-getty.slice.
[[0;32m  OK  [0m] Started LSB: AppArmor initialization.
         Starting Raise network interfaces...
[[0;32m  OK  [0m] Started ifup for enp0s8.
[[0;32m  OK  [0m] Started ifup for enp0s3.
[[0;32m  OK  [0m] Started Update UTMP about System Boot/Shutdown.
[[0;32m  OK  [0m] Started Raise network interfaces.
         Starting Initial cloud-init job (metadata service crawler)...
[[0;32m  OK  [0m] Reached target Network.
[   39.759931] cloud-init[1042]: Cloud-init v. 0.7.9 running 'init' at Sat, 12 Aug 2017 05:40:08 +0000. Up 39.54 seconds.
[   39.857070] [cloud-init[0;32m  OK  [0m[1042]: ] ci-info: ++++++++++++++++++++++++++++++++++++++Net device info++++++++++++++++++++++++++++++++++++++Started Initial cloud-init job (metadata service crawler).

[   39.857565] cloud-init[1042]: ci-info: +--------+------+-----------------------------+---------------+-------+-------------------+
[   40.220648] [cloud-init[0;32m  OK  [0m[1042]: ] ci-info: | Device |  Up  |           Address           |      Mask     | Scope |     Hw-Address    |Reached target System Initialization.

[[0;32m  OK  [0m] Listening on UUID daemon activation socket.
         Starting Socket activation for snappy daemon.
[   40.221207] cloud-init[1042]: ci-info: +--------+------+-----------------------------+---------------+-------+-------------------+
[   40.669072] [cloud-init[0;32m  OK  [0m[1042]: ] ci-info: |   lo   | True |          127.0.0.1          |   255.0.0.0   |   .   |         .         |Started Daily apt activities.

[   40.669552] [cloud-init[0;32m  OK  [0m[1042]: ] ci-info: |   lo   | True |           ::1/128           |       .       |  host |         .         |Started Daily Cleanup of Temporary Directories.

[[0;32m  OK  [0m] Listening on D-Bus System Message Bus Socket.
[   40.850284] cloud-init[1042]: ci-info: | enp0s8 | True |        192.168.33.14        | 255.255.255.0 |   .   | 08:00:27:45:e5:ba |
[   41.176597] cloud-init         [1042]: Starting LXD - unix socket.ci-info: | enp0s8 | True | fe80::a00:27ff:fe45:e5ba/64 |       .       |  link | 08:00:27:45:e5:ba |

[   41.352630] [cloud-init[0;32m  OK  [0m[1042]: ] ci-info: | enp0s3 | True |          10.0.2.15          | 255.255.255.0 |   .   | 02:0a:02:a5:4f:74 |Listening on ACPID Listen Socket.

[   41.538881] [cloud-init[0;32m  OK  [0m[1042]: ] ci-info: | enp0s3 | True |   fe80::a:2ff:fea5:4f74/64  |       .       |  link | 02:0a:02:a5:4f:74 |Started Timer to automatically refresh installed snaps.

[   41.539323] [cloud-init[0;32m  OK  [0m[1042]: ] ci-info: +--------+------+-----------------------------+---------------+-------+-------------------+Reached target Timers.

[   42.020521] [cloud-init[0;32m  OK  [0m[1042]: ] ci-info: ++++++++++++++++++++++++++++Route IPv4 info++++++++++++++++++++++++++++Started ACPI Events Check.

[   42.020992] [cloud-init[0;32m  OK  [0m[1042]: ] ci-info: +-------+--------------+----------+---------------+-----------+-------+Reached target Paths.

[   42.341137] [cloud-init[0;32m  OK  [0m[1042]: ] ci-info: | Route | Destination  | Gateway  |    Genmask    | Interface | Flags |Reached target Network is Online.

[   42.341656] cloud-init[1042]: ci-info: +-------+--------------+----------+---------------+-----------+-------+
[   42.645085]          cloud-initStarting iSCSI initiator daemon (iscsid)...[1042]: 
ci-info: |   0   |   0.0.0.0    | 10.0.2.2 |    0.0.0.0    |   enp0s3  |   UG  |
[   42.808682] [cloud-init[0;32m  OK  [0m[1042]: ] ci-info: |   1   |   10.0.2.0   | 0.0.0.0  | 255.255.255.0 |   enp0s3  |   U   |Reached target Cloud-config availability.

[   42.810605] cloud-init[1042]: [[0;32m  OK  [0m] Listening on Socket activation for snappy daemon.
[[0;32m  OK  [0m] Listening on LXD - unix socket.
ci-info: |   2   | 192.168.33.0 | 0.0.0.0  | 255.255.255.0 |   enp0s8  |   U   |
[   43.124531] [cloud-init[0;32m  OK  [0m[1042]: ] ci-info: +-------+--------------+----------+---------------+-----------+-------+Started iSCSI initiator daemon (iscsid).

         Starting Login to default iSCSI targets...
[[0;32m  OK  [0m] Reached target Sockets.
[[0;32m  OK  [0m] Reached target Basic System.
[[0;32m  OK  [0m] Started Unattended Upgrades Shutdown.
         Starting /etc/rc.local Compatibility...
         Starting OpenBSD Secure Shell server...
         Starting Apply the settings specified in cloud-config...
         Starting MySQL Community Server...
[[0;32m  OK  [0m] Started Snappy daemon.
         Starting Accounts Service...
         Starting System Logging Service...
         Starting LSB: MD monitoring daemon...
[   43.977301] cloud-init[1106]: Cloud-init v. 0.7.9 running 'modules:config' at Sat, 12 Aug 2017 05:40:13 +0000. Up 43.90 seconds.
[[0;32m  OK  [0m] Started FUSE filesystem for LXC.
[[0;32m  OK  [0m] Started Regular background program processing daemon.
[[0;32m  OK  [0m] Started Deferred execution scheduler.
         Starting Login Service...
[[0;32m  OK  [0m] Started ACPI event daemon.
[[0;32m  OK  [0m] Started D-Bus System Message Bus.
         Starting Auto import assertions from block devices...
         Starting LXD - container startup/shutdown...
         Starting LSB: Record successful boot for GRUB...
[[0;32m  OK  [0m] Started OpenBSD Secure Shell server.
[[0;32m  OK  [0m] Started System Logging Service.
[[0;32m  OK  [0m] Started /etc/rc.local Compatibility.
[[0;32m  OK  [0m] Started Apply the settings specified in cloud-config.
[[0;32m  OK  [0m] Started Auto import assertions from block devices.
[[0;32m  OK  [0m] Started LXD - container startup/shutdown.
[[0;32m  OK  [0m] Started Login to default iSCSI targets.
[[0;32m  OK  [0m] Started LSB: MD monitoring daemon.
[[0;32m  OK  [0m] Started LSB: Record successful boot for GRUB.
[[0;32m  OK  [0m] Started Login Service.
         Starting Authenticate and Authorize Users to Run Privileged Tasks...
[[0;32m  OK  [0m] Reached target Remote File Systems (Pre).
[[0;32m  OK  [0m] Reached target Remote File Systems.
         Starting LSB: Set the CPU Frequency Scaling governor to "ondemand"...
         Starting LSB: daemon to balance interrupts for SMP systems...
         Starting LSB: Apache2 web server...
         Starting Permit User Sessions...
         Starting LSB: VirtualBox Linux Additions...
         Starting LSB: automatic crash report generation...
[[0;32m  OK  [0m] Started Permit User Sessions.
[[0;32m  OK  [0m] Started MySQL Community Server.
[[0;32m  OK  [0m] Started Authenticate and Authorize Users to Run Privileged Tasks.
[[0;32m  OK  [0m] Started Accounts Service.
[[0;32m  OK  [0m] Started LSB: Set the CPU Frequency Scaling governor to "ondemand".
[[0;32m  OK  [0m] Started LSB: daemon to balance interrupts for SMP systems.
         Starting Terminate Plymouth Boot Screen...
         Starting Hold until boot process finishes up...
[[0;32m  OK  [0m] Started LSB: VirtualBox Linux Additions.
[[0;32m  OK  [0m] Started LSB: automatic crash report generation.
[[0;32m  OK  [0m] Started Terminate Plymouth Boot Screen.
[[0;32m  OK  [0m] Started Hold until boot process finishes up.
         Starting Set console scheme...
[[0;32m  OK  [0m] Started Serial Getty on ttyS0.
[[0;32m  OK  [0m] Started Getty on tty1.
[[0;32m  OK  [0m] Reached target Login Prompts.
[[0;32m  OK  [0m] Started Set console scheme.
[[0;32m  OK  [0m] Started LSB: Apache2 web server.
[[0;32m  OK  [0m] Reached target Multi-User System.
         Starting Execute cloud user/final scripts...
[[0;32m  OK  [0m] Reached target Graphical Interface.
         Starting Update UTMP about System Runlevel Changes...
[[0;32m  OK  [0m] Started Update UTMP about System Runlevel Changes.
[   48.039378] cloud-init[1354]: Cloud-init v. 0.7.9 running 'modules:final' at Sat, 12 Aug 2017 05:40:17 +0000. Up 47.95 seconds.
[   48.192491] cloud-init[1354]: Cloud-init v. 0.7.9 finished at Sat, 12 Aug 2017 05:40:17 +0000. Datasource DataSourceNoCloud [seed=/dev/sdb][dsmode=net].  Up 48.03 seconds
[[0;32m  OK  [0m] Started Execute cloud user/final scripts.
[[0;32m  OK  [0m] Reached target Cloud-init target.

Ubuntu 16.04.2 LTS svslocal ttyS0

svslocal login: 